shrivatsa@shrivatsa-Victus-by-HP-Laptop-16-e0xxx:cd Desktop
shrivatsa@shrivatsa-Victus-by-HP-Laptop-16-e0xxx:~/Desktop$ git clone git@github.com:techarkit/shell-scripting-tutorial.git
Cloning into 'shell-scripting-tutorial'...
remote: Enumerating objects: 267, done.
remote: Counting objects: 100% (49/49), done.
remote: Compressing objects: 100% (38/38), done.
remote: Total 267 (delta 12), reused 45 (delta 11), pack-reused 218
Receiving objects: 100% (267/267), 91.00 KiB | 96.00 KiB/s, done.
Resolving deltas: 100% (90/90), done.
shrivatsa@shrivatsa-Victus-by-HP-Laptop-16-e0xxx:~$ echo `hostname`
shrivatsa-Victus-by-HP-Laptop-16-e0xxx
shrivatsa@shrivatsa-Victus-by-HP-Laptop-16-e0xxx:~$ ls
Desktop  Directory1  Documents  Downloads  LSS  Music  Pictures  Public  PycharmProjects  snap  Templates  Videos
shrivatsa@shrivatsa-Victus-by-HP-Laptop-16-e0xxx:~$ cd Desktop
shrivatsa@shrivatsa-Victus-by-HP-Laptop-16-e0xxx:~/Desktop$ ls
shell-scripting-tutorial
shrivatsa@shrivatsa-Victus-by-HP-Laptop-16-e0xxx:~/Desktop$ cd shell-scripting-tutorial
shrivatsa@shrivatsa-Victus-by-HP-Laptop-16-e0xxx:~/Desktop/shell-scripting-tutorial$ ls
1forloop.sh               AWS                          echo.sh                      if-else-statement.sh  or-operator.sh       systemload.sh
1function.sh              casestatement.sh             eval.sh                      ifs.sh                oroper.sh            uadd.sh
add.sh                    collectroothistory.sh        for-loop.sh                  if-statement.sh       questions.sh         ud.sh
agtb.sh                   continue.sh                  functions.sh                 info.sh               quotes.sh            untiloop.sh
answers.sh                convert_and_update_mysql.sh  generate_win_host_config.sh  Logical-operators.sh  README.md            useradd.sh
arithmetic.sh             countargs.sh                 getopts.sh                   memusage.sh           relationaloper.sh    userexists.sh
arkit.co.in-nested-if.sh  cpualert.sh                  helloworld.sh                morethanxdays.sh      remoteload.sh        variables.sh
array.sh                  CpuMemDisk.sh                heredoc.sh                   multiplication.sh     setbashfeature.sh    webserver_ubuntu.sh
Arthemetic-Operators.sh   details.sh                   hi.sh                        myfirstscript.sh      shiftparameters.sh   while-loop.sh
AutomateLoginSSH.sh       diskspace.sh                 if-elif-if.sh                nestedif.sh           spacialvariables.sh
shrivatsa@shrivatsa-Victus-by-HP-Laptop-16-e0xxx:~/Desktop/shell-scripting-tutorial$ sh quotes.sh
Execute double quotes 123456 TechArkit
Excute Single Quotes $VAR1 $TEST
This Hostname is:      March 2023       
Su Mo Tu We Th Fr Sa  
          1  2  3  4  
 5  6  7  8  9 10 11  
12 13 14 15 16 17 18  
19 20 21 22 23 24 25  
26 27 28 29 30 31     
                      
shrivatsa@shrivatsa-Victus-by-HP-Laptop-16-e0xxx:~/Desktop/shell-scripting-tutorial$ sh quotes.sh
Execute double quotes 10 shrivatsa
Excute Single Quotes $VAR1 $TEST
This Hostname is:      March 2023       
Su Mo Tu We Th Fr Sa  
          1  2  3  4  
 5  6  7  8  9 10 11  
12 13 14 15 16 17 18  
19 20 21 22 23 24 25  
26 27 28 29 30 31     
                      
shrivatsa@shrivatsa-Victus-by-HP-Laptop-16-e0xxx:~/Desktop/shell-scripting-tutorial$ sh quotes.sh
Execute double quotes 10 shrivatsa
Excute Single Quotes $VAR1 $TEST
This Hostname is:      March 2023       
Su Mo Tu We Th Fr Sa  
          1  2  3  4  
 5  6  7  8  9 10 11  
12 13 14 15 16 17 18  
19 20 21 22 23 24 25  
26 27 28 29 30 31     
                      
iam learning shell scripting
shrivatsa@shrivatsa-Victus-by-HP-Laptop-16-e0xxx:~/Desktop/shell-scripting-tutorial$ sh quotes.sh
Execute double quotes 10 shrivatsa
Excute Single Quotes $VAR1 $TEST
This Hostname is: shrivatsa-Victus-by-HP-Laptop-16-e0xxx
iam learning shell scripting
shrivatsa@shrivatsa-Victus-by-HP-Laptop-16-e0xxx:~/Desktop/shell-scripting-tutorial$ sh quotes.sh
This content inside double quotes gets printed on terminal
my name is shrivatsa
I am 10 years old
Excute Single Quotes $myage $name
This Hostname is: shrivatsa-Victus-by-HP-Laptop-16-e0xxx
Today calendar      March 2023       
Su Mo Tu We Th Fr Sa  
          1  2  3  4  
 5  6  7  8  9 10 11  
12 13 14 15 16 17 18  
19 20 21 22 23 24 25  
26 27 28 29 30 31     
                      
iam learning shell scripting
shrivatsa@shrivatsa-Victus-by-HP-Laptop-16-e0xxx:~/Desktop/shell-scripting-tutorial$ sh quotes.sh
This content inside double quotes gets printed on terminal
my name is shrivatsa
I am 10 years old
Content is written inside Single Quotes $myage $name
my name and age is $name $myage
This Hostname is: shrivatsa-Victus-by-HP-Laptop-16-e0xxx
Today calendar      March 2023       
Su Mo Tu We Th Fr Sa  
          1  2  3  4  
 5  6  7  8  9 10 11  
12 13 14 15 16 17 18  
19 20 21 22 23 24 25  
26 27 28 29 30 31     
shrivatsa@shrivatsa-Victus-by-HP-Laptop-16-e0xxx:~/Desktop/shell-scripting-tutorial$ gcc
gcc: fatal error: no input files
compilation terminated.
shrivatsa@shrivatsa-Victus-by-HP-Laptop-16-e0xxx:~/Desktop/shell-scripting-tutorial$ $ ?
$: command not found
shrivatsa@shrivatsa-Victus-by-HP-Laptop-16-e0xxx:~/Desktop/shell-scripting-tutorial$ $?
127: command not found
shrivatsa@shrivatsa-Victus-by-HP-Laptop-16-e0xxx:~/Desktop/shell-scripting-tutorial$ echo $?
127
shrivatsa@shrivatsa-Victus-by-HP-Laptop-16-e0xxx:~/Desktop/shell-scripting-tutorial$ echo $?
0
shrivatsa@shrivatsa-Victus-by-HP-Laptop-16-e0xxx:~/Desktop/shell-scripting-tutorial$ echo $?
0
shrivatsa@shrivatsa-Victus-by-HP-Laptop-16-e0xxx:~/Desktop/shell-scripting-tutorial$ echo $$
4549
shrivatsa@shrivatsa-Victus-by-HP-Laptop-16-e0xxx:~/Desktop/shell-scripting-tutorial$ ts
Command 'ts' not found, but can be installed with:
sudo apt install moreutils
shrivatsa@shrivatsa-Victus-by-HP-Laptop-16-e0xxx:~/Desktop/shell-scripting-tutorial$ ps
    PID TTY          TIME CMD
   4549 pts/1    00:00:00 bash
   5230 pts/1    00:00:00 ps
shrivatsa@shrivatsa-Victus-by-HP-Laptop-16-e0xxx:~/Desktop/shell-scripting-tutorial$ sh spacialvariables.sh
'' output is 
'0' output is 0
' & ' output  and 
'' output of 
'0' output is 0
'5327' output is 5327
'5328' output is 5328
'spacialvariables.sh' your current program name is spacialvariables.sh
shrivatsa@shrivatsa-Victus-by-HP-Laptop-16-e0xxx:~/Desktop/shell-scripting-tutorial$ sh spacialvariables.sh
sh: 0: cannot open spacialvariables.sh: No such file
shrivatsa@shrivatsa-Victus-by-HP-Laptop-16-e0xxx:~/Desktop/shell-scripting-tutorial$ sh specialvariables.sh
'' output is 
'0' output is 0
' & ' output  and 
'' output of 
'0' output is 0
'5505' output is 5505
'5506' output is 5506
'specialvariables.sh' your current program name is specialvariables.sh
shrivatsa@shrivatsa-Victus-by-HP-Laptop-16-e0xxx:~/Desktop/shell-scripting-tutorial$ sh specialvariables.sh
'' output is 
'0' output is 0
' & ' output  and 
'' output of 
'0' output is 0
'5607' output is 5607
'5608' output is 5608
'specialvariables.sh' your current program name is specialvariables.sh
process id  5607
shrivatsa@shrivatsa-Victus-by-HP-Laptop-16-e0xxx:~/Desktop/shell-scripting-tutorial$ sh specialvariables.sh
'' output is 
'0' output is 0
' & ' output  and 
'' output of 
'0' output is 0
'5658' output is 5658
'5659' output is 5659
'specialvariables.sh' your current program name is specialvariables.sh
process id 5658
shrivatsa@shrivatsa-Victus-by-HP-Laptop-16-e0xxx:~/Desktop/shell-scripting-tutorial$ sh specialvariables.sh
'' output is 
'0' output is 0
'' & ' output  and 
'' output of 
'0' output is 0
'5671' output is 5671
'5672' output is 5672
'specialvariables.sh' your current program name is specialvariables.sh
process id is 5671
shrivatsa@shrivatsa-Victus-by-HP-Laptop-16-e0xxx:~/Desktop/shell-scripting-tutorial$ sh countargs.sh
Your current given parameters are 0
Program Usage is './scriptname.sh' options
shrivatsa@shrivatsa-Victus-by-HP-Laptop-16-e0xxx:~/Desktop/shell-scripting-tutorial$ sh countargs.sh
Your current given parameters are 0
Program Usage is './scriptname.sh' options
shrivatsa@shrivatsa-Victus-by-HP-Laptop-16-e0xxx:~/Desktop/shell-scripting-tutorial$ sh countargs.sh *
Your current given parameters are 59
Program executed successfully
shrivatsa@shrivatsa-Victus-by-HP-Laptop-16-e0xxx:~/Desktop/shell-scripting-tutorial$ sh countargs.sh %
Your current given parameters are 1
Program executed successfully
shrivatsa@shrivatsa-Victus-by-HP-Laptop-16-e0xxx:~/Desktop/shell-scripting-tutorial$ sh countargs.sh ^
Your current given parameters are 1
Program executed successfully
shrivatsa@shrivatsa-Victus-by-HP-Laptop-16-e0xxx:~/Desktop/shell-scripting-tutorial$ sh countargs.sh a
Your current given parameters are 1
Program executed successfully
shrivatsa@shrivatsa-Victus-by-HP-Laptop-16-e0xxx:~/Desktop/shell-scripting-tutorial$ sh countargs.sh a b c
Your current given parameters are 3
Program executed successfully
shrivatsa@shrivatsa-Victus-by-HP-Laptop-16-e0xxx:~/Desktop/shell-scripting-tutorial$ sh countargs.sh shri % 32
Your current given parameters are 3
Program executed successfully
shrivatsa@shrivatsa-Victus-by-HP-Laptop-16-e0xxx:~/Desktop/shell-scripting-tutorial$ pwd
/home/shrivatsa/Desktop/shell-scripting-tutorial
shrivatsa@shrivatsa-Victus-by-HP-Laptop-16-e0xxx:~/Desktop/shell-scripting-tutorial$ sh Logical-operators.sh
-e Enter Your Maths Subject Marks: 85
-e Enter Your Physics Subject Marks: 80
-e Enter Your Chemistry Subject Marks: 75
Congratulations, You have passed in all subjects
shrivatsa@shrivatsa-Victus-by-HP-Laptop-16-e0xxx:~/Desktop/shell-scripting-tutorial$ sh add.sh
addition of X+Y
Enter X
3
Enter Y
4
X+Y = 3+4 = $[X+Y]
shrivatsa@shrivatsa-Victus-by-HP-Laptop-16-e0xxx:~/Desktop/shell-scripting-tutorial$ sh add.sh
addition of X+Y
Enter X
3
Enter Y
6
add.sh: 17: X+Y: not found
X+Y = 3+6 = 
shrivatsa@shrivatsa-Victus-by-HP-Laptop-16-e0xxx:~/Desktop/shell-scripting-tutorial$ sh add.sh
addition of X+Y
Enter X
45
Enter Y
45
X+Y = 45+45 = 90
shrivatsa@shrivatsa-Victus-by-HP-Laptop-16-e0xxx:~/Desktop/shell-scripting-tutorial$ ^C
shrivatsa@shrivatsa-Victus-by-HP-Laptop-16-e0xxx:~/Desktop/shell-scripting-tutorial$ 


