shrivatsa@shrivatsa-Victus-by-HP-Laptop-16-e0xxx:~$ sudo apt install mysql-server
[sudo] password for shrivatsa: 
Reading package lists... Done
Building dependency tree... Done
Reading state information... Done
The following packages were automatically installed and are no longer required:
  gir1.2-gst-plugins-base-1.0 gir1.2-rb-3.0 gir1.2-totem-1.0 gir1.2-totemplparser-1.0 libdmapsharing-3.0-2 libgpod-common libgpod4 libnetplan0
  libsgutils2-2
Use 'sudo apt autoremove' to remove them.
The following additional packages will be installed:
  libaio1 libcgi-fast-perl libcgi-pm-perl libevent-core-2.1-7 libevent-pthreads-2.1-7 libfcgi-bin libfcgi-perl libfcgi0ldbl libhtml-template-perl
  libmecab2 mecab-ipadic mecab-ipadic-utf8 mecab-utils mysql-client-8.0 mysql-client-core-8.0 mysql-server-8.0 mysql-server-core-8.0
Suggested packages:
  libipc-sharedcache-perl mailx tinyca
The following NEW packages will be installed:
  libaio1 libcgi-fast-perl libcgi-pm-perl libevent-core-2.1-7 libevent-pthreads-2.1-7 libfcgi-bin libfcgi-perl libfcgi0ldbl libhtml-template-perl
  libmecab2 mecab-ipadic mecab-ipadic-utf8 mecab-utils mysql-client-8.0 mysql-client-core-8.0 mysql-server mysql-server-8.0 mysql-server-core-8.0
0 upgraded, 18 newly installed, 0 to remove and 29 not upgraded.
Need to get 29.1 MB of archives.
After this operation, 241 MB of additional disk space will be used.
Do you want to continue? [Y/n] Y 
Get:1 http://in.archive.ubuntu.com/ubuntu jammy-updates/main amd64 mysql-client-core-8.0 amd64 8.0.33-0ubuntu0.22.04.2 [2802 kB]
Get:2 http://in.archive.ubuntu.com/ubuntu jammy-updates/main amd64 mysql-client-8.0 amd64 8.0.33-0ubuntu0.22.04.2 [22.7 kB]                            
Get:3 http://in.archive.ubuntu.com/ubuntu jammy/main amd64 libaio1 amd64 0.3.112-13build1 [7176 B]                                                     
Get:4 http://in.archive.ubuntu.com/ubuntu jammy/main amd64 libevent-core-2.1-7 amd64 2.1.12-stable-1build3 [93.9 kB]                                   
Get:5 http://in.archive.ubuntu.com/ubuntu jammy/main amd64 libevent-pthreads-2.1-7 amd64 2.1.12-stable-1build3 [7642 B]                                
Get:6 http://in.archive.ubuntu.com/ubuntu jammy/main amd64 libmecab2 amd64 0.996-14build9 [199 kB]                                                     
Get:7 http://in.archive.ubuntu.com/ubuntu jammy-updates/main amd64 mysql-server-core-8.0 amd64 8.0.33-0ubuntu0.22.04.2 [17.5 MB]                       
Get:8 http://in.archive.ubuntu.com/ubuntu jammy-updates/main amd64 mysql-server-8.0 amd64 8.0.33-0ubuntu0.22.04.2 [1431 kB]                            
Get:9 http://in.archive.ubuntu.com/ubuntu jammy/main amd64 libcgi-pm-perl all 4.54-1 [188 kB]                                                          
Get:10 http://in.archive.ubuntu.com/ubuntu jammy/main amd64 libfcgi0ldbl amd64 2.4.2-2build2 [28.0 kB]                                                 
Get:11 http://in.archive.ubuntu.com/ubuntu jammy/main amd64 libfcgi-perl amd64 0.82+ds-1build1 [22.8 kB]                                               
Get:12 http://in.archive.ubuntu.com/ubuntu jammy/main amd64 libcgi-fast-perl all 1:2.15-1 [10.5 kB]                                                    
Get:13 http://in.archive.ubuntu.com/ubuntu jammy/main amd64 libfcgi-bin amd64 2.4.2-2build2 [11.2 kB]                                                  
Get:14 http://in.archive.ubuntu.com/ubuntu jammy/main amd64 libhtml-template-perl all 2.97-1.1 [59.1 kB]                                               
Get:15 http://in.archive.ubuntu.com/ubuntu jammy/main amd64 mecab-utils amd64 0.996-14build9 [4850 B]                                                  
Get:16 http://in.archive.ubuntu.com/ubuntu jammy/main amd64 mecab-ipadic all 2.7.0-20070801+main-3 [6718 kB]                                           
Get:17 http://in.archive.ubuntu.com/ubuntu jammy/main amd64 mecab-ipadic-utf8 all 2.7.0-20070801+main-3 [4384 B]                                       
Get:18 http://in.archive.ubuntu.com/ubuntu jammy-updates/main amd64 mysql-server all 8.0.33-0ubuntu0.22.04.2 [9462 B]                                  
Fetched 29.1 MB in 45s (648 kB/s)                                                                                                                      
Preconfiguring packages ...
Selecting previously unselected package mysql-client-core-8.0.
(Reading database ... 260230 files and directories currently installed.)
Preparing to unpack .../00-mysql-client-core-8.0_8.0.33-0ubuntu0.22.04.2_amd64.deb ...
Unpacking mysql-client-core-8.0 (8.0.33-0ubuntu0.22.04.2) ...
Selecting previously unselected package mysql-client-8.0.
Preparing to unpack .../01-mysql-client-8.0_8.0.33-0ubuntu0.22.04.2_amd64.deb ...
Unpacking mysql-client-8.0 (8.0.33-0ubuntu0.22.04.2) ...
Selecting previously unselected package libaio1:amd64.
Preparing to unpack .../02-libaio1_0.3.112-13build1_amd64.deb ...
Unpacking libaio1:amd64 (0.3.112-13build1) ...
Selecting previously unselected package libevent-core-2.1-7:amd64.
Preparing to unpack .../03-libevent-core-2.1-7_2.1.12-stable-1build3_amd64.deb ...
Unpacking libevent-core-2.1-7:amd64 (2.1.12-stable-1build3) ...
Selecting previously unselected package libevent-pthreads-2.1-7:amd64.
Preparing to unpack .../04-libevent-pthreads-2.1-7_2.1.12-stable-1build3_amd64.deb ...
Unpacking libevent-pthreads-2.1-7:amd64 (2.1.12-stable-1build3) ...
Selecting previously unselected package libmecab2:amd64.
Preparing to unpack .../05-libmecab2_0.996-14build9_amd64.deb ...
Unpacking libmecab2:amd64 (0.996-14build9) ...
Selecting previously unselected package mysql-server-core-8.0.
Preparing to unpack .../06-mysql-server-core-8.0_8.0.33-0ubuntu0.22.04.2_amd64.deb ...
Unpacking mysql-server-core-8.0 (8.0.33-0ubuntu0.22.04.2) ...
Selecting previously unselected package mysql-server-8.0.
Preparing to unpack .../07-mysql-server-8.0_8.0.33-0ubuntu0.22.04.2_amd64.deb ...
Unpacking mysql-server-8.0 (8.0.33-0ubuntu0.22.04.2) ...
Selecting previously unselected package libcgi-pm-perl.
Preparing to unpack .../08-libcgi-pm-perl_4.54-1_all.deb ...
Unpacking libcgi-pm-perl (4.54-1) ...
Selecting previously unselected package libfcgi0ldbl:amd64.
Preparing to unpack .../09-libfcgi0ldbl_2.4.2-2build2_amd64.deb ...
Unpacking libfcgi0ldbl:amd64 (2.4.2-2build2) ...
Selecting previously unselected package libfcgi-perl:amd64.
Preparing to unpack .../10-libfcgi-perl_0.82+ds-1build1_amd64.deb ...
Unpacking libfcgi-perl:amd64 (0.82+ds-1build1) ...
Selecting previously unselected package libcgi-fast-perl.
Preparing to unpack .../11-libcgi-fast-perl_1%3a2.15-1_all.deb ...
Unpacking libcgi-fast-perl (1:2.15-1) ...
Selecting previously unselected package libfcgi-bin.
Preparing to unpack .../12-libfcgi-bin_2.4.2-2build2_amd64.deb ...
Unpacking libfcgi-bin (2.4.2-2build2) ...
Selecting previously unselected package libhtml-template-perl.
Preparing to unpack .../13-libhtml-template-perl_2.97-1.1_all.deb ...
Unpacking libhtml-template-perl (2.97-1.1) ...
Selecting previously unselected package mecab-utils.
Preparing to unpack .../14-mecab-utils_0.996-14build9_amd64.deb ...
Unpacking mecab-utils (0.996-14build9) ...
Selecting previously unselected package mecab-ipadic.
Preparing to unpack .../15-mecab-ipadic_2.7.0-20070801+main-3_all.deb ...
Unpacking mecab-ipadic (2.7.0-20070801+main-3) ...
Selecting previously unselected package mecab-ipadic-utf8.
Preparing to unpack .../16-mecab-ipadic-utf8_2.7.0-20070801+main-3_all.deb ...
Unpacking mecab-ipadic-utf8 (2.7.0-20070801+main-3) ...
Selecting previously unselected package mysql-server.
Preparing to unpack .../17-mysql-server_8.0.33-0ubuntu0.22.04.2_all.deb ...
Unpacking mysql-server (8.0.33-0ubuntu0.22.04.2) ...
Setting up libmecab2:amd64 (0.996-14build9) ...
Setting up mysql-client-core-8.0 (8.0.33-0ubuntu0.22.04.2) ...
Setting up libfcgi0ldbl:amd64 (2.4.2-2build2) ...
Setting up libcgi-pm-perl (4.54-1) ...
Setting up libfcgi-bin (2.4.2-2build2) ...
Setting up libhtml-template-perl (2.97-1.1) ...
Setting up mecab-utils (0.996-14build9) ...
Setting up libevent-core-2.1-7:amd64 (2.1.12-stable-1build3) ...
Setting up mysql-client-8.0 (8.0.33-0ubuntu0.22.04.2) ...
Setting up libfcgi-perl:amd64 (0.82+ds-1build1) ...
Setting up libaio1:amd64 (0.3.112-13build1) ...
Setting up libevent-pthreads-2.1-7:amd64 (2.1.12-stable-1build3) ...
Setting up mecab-ipadic (2.7.0-20070801+main-3) ...
Compiling IPA dictionary for Mecab.  This takes long time...
reading /usr/share/mecab/dic/ipadic/unk.def ... 40
emitting double-array: 100% |###########################################| 
/usr/share/mecab/dic/ipadic/model.def is not found. skipped.
reading /usr/share/mecab/dic/ipadic/Noun.name.csv ... 34202
reading /usr/share/mecab/dic/ipadic/Noun.proper.csv ... 27328
reading /usr/share/mecab/dic/ipadic/Prefix.csv ... 221
reading /usr/share/mecab/dic/ipadic/Adj.csv ... 27210
reading /usr/share/mecab/dic/ipadic/Interjection.csv ... 252
reading /usr/share/mecab/dic/ipadic/Noun.demonst.csv ... 120
reading /usr/share/mecab/dic/ipadic/Noun.nai.csv ... 42
reading /usr/share/mecab/dic/ipadic/Noun.number.csv ... 42
reading /usr/share/mecab/dic/ipadic/Conjunction.csv ... 171
reading /usr/share/mecab/dic/ipadic/Symbol.csv ... 208
reading /usr/share/mecab/dic/ipadic/Noun.csv ... 60477
reading /usr/share/mecab/dic/ipadic/Verb.csv ... 130750
reading /usr/share/mecab/dic/ipadic/Suffix.csv ... 1393
reading /usr/share/mecab/dic/ipadic/Noun.others.csv ... 151
reading /usr/share/mecab/dic/ipadic/Others.csv ... 2
reading /usr/share/mecab/dic/ipadic/Auxil.csv ... 199
reading /usr/share/mecab/dic/ipadic/Filler.csv ... 19
reading /usr/share/mecab/dic/ipadic/Adverb.csv ... 3032
reading /usr/share/mecab/dic/ipadic/Noun.verbal.csv ... 12146
reading /usr/share/mecab/dic/ipadic/Adnominal.csv ... 135
reading /usr/share/mecab/dic/ipadic/Noun.adjv.csv ... 3328
reading /usr/share/mecab/dic/ipadic/Noun.place.csv ... 72999
reading /usr/share/mecab/dic/ipadic/Noun.org.csv ... 16668
reading /usr/share/mecab/dic/ipadic/Noun.adverbal.csv ... 795
reading /usr/share/mecab/dic/ipadic/Postp-col.csv ... 91
reading /usr/share/mecab/dic/ipadic/Postp.csv ... 146
emitting double-array: 100% |###########################################| 
reading /usr/share/mecab/dic/ipadic/matrix.def ... 1316x1316
emitting matrix      : 100% |###########################################| 

done!
update-alternatives: using /var/lib/mecab/dic/ipadic to provide /var/lib/mecab/dic/debian (mecab-dictionary) in auto mode
Setting up libcgi-fast-perl (1:2.15-1) ...
Setting up mysql-server-core-8.0 (8.0.33-0ubuntu0.22.04.2) ...
Setting up mecab-ipadic-utf8 (2.7.0-20070801+main-3) ...
Compiling IPA dictionary for Mecab.  This takes long time...
reading /usr/share/mecab/dic/ipadic/unk.def ... 40
emitting double-array: 100% |###########################################| 
/usr/share/mecab/dic/ipadic/model.def is not found. skipped.
reading /usr/share/mecab/dic/ipadic/Noun.name.csv ... 34202
reading /usr/share/mecab/dic/ipadic/Noun.proper.csv ... 27328
reading /usr/share/mecab/dic/ipadic/Prefix.csv ... 221
reading /usr/share/mecab/dic/ipadic/Adj.csv ... 27210
reading /usr/share/mecab/dic/ipadic/Interjection.csv ... 252
reading /usr/share/mecab/dic/ipadic/Noun.demonst.csv ... 120
reading /usr/share/mecab/dic/ipadic/Noun.nai.csv ... 42
reading /usr/share/mecab/dic/ipadic/Noun.number.csv ... 42
reading /usr/share/mecab/dic/ipadic/Conjunction.csv ... 171
reading /usr/share/mecab/dic/ipadic/Symbol.csv ... 208
reading /usr/share/mecab/dic/ipadic/Noun.csv ... 60477
reading /usr/share/mecab/dic/ipadic/Verb.csv ... 130750
reading /usr/share/mecab/dic/ipadic/Suffix.csv ... 1393
reading /usr/share/mecab/dic/ipadic/Noun.others.csv ... 151
reading /usr/share/mecab/dic/ipadic/Others.csv ... 2
reading /usr/share/mecab/dic/ipadic/Auxil.csv ... 199
reading /usr/share/mecab/dic/ipadic/Filler.csv ... 19
reading /usr/share/mecab/dic/ipadic/Adverb.csv ... 3032
reading /usr/share/mecab/dic/ipadic/Noun.verbal.csv ... 12146
reading /usr/share/mecab/dic/ipadic/Adnominal.csv ... 135
reading /usr/share/mecab/dic/ipadic/Noun.adjv.csv ... 3328
reading /usr/share/mecab/dic/ipadic/Noun.place.csv ... 72999
reading /usr/share/mecab/dic/ipadic/Noun.org.csv ... 16668
reading /usr/share/mecab/dic/ipadic/Noun.adverbal.csv ... 795
reading /usr/share/mecab/dic/ipadic/Postp-col.csv ... 91
reading /usr/share/mecab/dic/ipadic/Postp.csv ... 146
emitting double-array: 100% |###########################################| 
reading /usr/share/mecab/dic/ipadic/matrix.def ... 1316x1316
emitting matrix      : 100% |###########################################| 

done!
update-alternatives: using /var/lib/mecab/dic/ipadic-utf8 to provide /var/lib/mecab/dic/debian (mecab-dictionary) in auto mode
Setting up mysql-server-8.0 (8.0.33-0ubuntu0.22.04.2) ...
update-alternatives: using /etc/mysql/mysql.cnf to provide /etc/mysql/my.cnf (my.cnf) in auto mode
Renaming removed key_buffer and myisam-recover options (if present)
mysqld will log errors to /var/log/mysql/error.log
mysqld is running as pid 6840
Created symlink /etc/systemd/system/multi-user.target.wants/mysql.service → /lib/systemd/system/mysql.service.
Setting up mysql-server (8.0.33-0ubuntu0.22.04.2) ...
Processing triggers for man-db (2.10.2-1) ...
Processing triggers for libc-bin (2.35-0ubuntu3.1) ...
shrivatsa@shrivatsa-Victus-by-HP-Laptop-16-e0xxx:~$ man mysql
shrivatsa@shrivatsa-Victus-by-HP-Laptop-16-e0xxx:~$ mysql -u root -p -h
mysql: [ERROR] mysql: option '-h' requires an argument.
shrivatsa@shrivatsa-Victus-by-HP-Laptop-16-e0xxx:~$ mysql -u root -p -H
Enter password: 
ERROR 1698 (28000): Access denied for user 'root'@'localhost'
shrivatsa@shrivatsa-Victus-by-HP-Laptop-16-e0xxx:~$ sudo mysql -u root -p -H
Enter password: 
Welcome to the MySQL monitor.  Commands end with ; or \g.
Your MySQL connection id is 9
Server version: 8.0.33-0ubuntu0.22.04.2 (Ubuntu)

Copyright (c) 2000, 2023, Oracle and/or its affiliates.

Oracle is a registered trademark of Oracle Corporation and/or its
affiliates. Other names may be trademarks of their respective
owners.

Type 'help;' or '\h' for help. Type '\c' to clear the current input statement.

mysql> SHOW DATABASES;
<TABLE BORDER=1><TR><TH>Database</TH></TR><TR><TD>information_schema</TD></TR><TR><TD>mysql</TD></TR><TR><TD>performance_schema</TD></TR><TR><TD>sys</TD></TR></TABLE>4 rows in set (0.00 sec)

mysql> SHOW DATABASES;
<TABLE BORDER=1><TR><TH>Database</TH></TR><TR><TD>information_schema</TD></TR><TR><TD>mysql</TD></TR><TR><TD>performance_schema</TD></TR><TR><TD>sys</TD></TR></TABLE>4 rows in set (0.00 sec)

mysql> show databases;
<TABLE BORDER=1><TR><TH>Database</TH></TR><TR><TD>information_schema</TD></TR><TR><TD>mysql</TD></TR><TR><TD>performance_schema</TD></TR><TR><TD>sys</TD></TR></TABLE>4 rows in set (0.00 sec)

mysql> show database;
ERROR 1064 (42000): You have an error in your SQL syntax; check the manual that corresponds to your MySQL server version for the right syntax to use near 'database' at line 1
mysql> create table employee;
ERROR 1046 (3D000): No database selected
mysql> create database employee;
Query OK, 1 row affected (0.04 sec)

mysql> show databases;
<TABLE BORDER=1><TR><TH>Database</TH></TR><TR><TD>employee</TD></TR><TR><TD>information_schema</TD></TR><TR><TD>mysql</TD></TR><TR><TD>performance_schema</TD></TR><TR><TD>sys</TD></TR></TABLE>5 rows in set (0.00 sec)

mysql> use employee
Database changed
mysql> 

shrivatsa@shrivatsa-Victus-by-HP-Laptop-16-e0xxx:~/Documents/Python-Programs$ pip3 install mysql.connector
Defaulting to user installation because normal site-packages is not writeable
Collecting mysql.connector
  Downloading mysql-connector-2.2.9.tar.gz (11.9 MB)
     ━━━━━━━━━━━━━━━━━━━━━━━━━━━━━━━━━━━━━━━━ 11.9/11.9 MB 56.5 kB/s eta 0:00:00
  Preparing metadata (setup.py) ... done
Building wheels for collected packages: mysql.connector
  Building wheel for mysql.connector (setup.py) ... done
  Created wheel for mysql.connector: filename=mysql_connector-2.2.9-cp310-cp310-linux_x86_64.whl size=247966 sha256=d5e6114ce97168185c13d7d643a3f7eda7714da8b1c4f6e2cb336ad7572eb29e
  Stored in directory: /home/shrivatsa/.cache/pip/wheels/76/48/9b/da67ff1a18fe8e9d428f9b1a177716d4a7d363d2bbe83bf6cf
Successfully built mysql.connector
Installing collected packages: mysql.connector
Successfully installed mysql.connector-2.2.9
shrivatsa@shrivatsa-Victus-by-HP-Laptop-16-e0xxx:~/Documents/Python-Programs$ sudo apt-get install mysql-client
[sudo] password for shrivatsa: 
Reading package lists... Done
Building dependency tree... Done
Reading state information... Done
The following packages were automatically installed and are no longer required:
  gir1.2-gst-plugins-base-1.0 gir1.2-rb-3.0 gir1.2-totem-1.0 gir1.2-totemplparser-1.0 libdmapsharing-3.0-2 libgpod-common libgpod4 libnetplan0
  libsgutils2-2
Use 'sudo apt autoremove' to remove them.
The following NEW packages will be installed:
  mysql-client
0 upgraded, 1 newly installed, 0 to remove and 29 not upgraded.
Need to get 9358 B of archives.
After this operation, 35.8 kB of additional disk space will be used.
Get:1 http://in.archive.ubuntu.com/ubuntu jammy-updates/main amd64 mysql-client all 8.0.33-0ubuntu0.22.04.2 [9358 B]
Fetched 9358 B in 1s (9687 B/s)    
Selecting previously unselected package mysql-client.
(Reading database ... 260602 files and directories currently installed.)
Preparing to unpack .../mysql-client_8.0.33-0ubuntu0.22.04.2_all.deb ...
Unpacking mysql-client (8.0.33-0ubuntu0.22.04.2) ...
Setting up mysql-client (8.0.33-0ubuntu0.22.04.2) ...

shrivatsa@shrivatsa-Victus-by-HP-Laptop-16-e0xxx:~/Documents/Python-Programs$ sudo apt-get install libmysqlclient-dev
Reading package lists... Done
Building dependency tree... Done
Reading state information... Done
The following packages were automatically installed and are no longer required:
  gir1.2-gst-plugins-base-1.0 gir1.2-rb-3.0 gir1.2-totem-1.0 gir1.2-totemplparser-1.0 libdmapsharing-3.0-2 libgpod-common libgpod4 libnetplan0
  libsgutils2-2
Use 'sudo apt autoremove' to remove them.
The following additional packages will be installed:
  libssl-dev libzstd-dev
Suggested packages:
  libssl-doc
The following NEW packages will be installed:
  libmysqlclient-dev libssl-dev libzstd-dev
0 upgraded, 3 newly installed, 0 to remove and 29 not upgraded.
Need to get 4430 kB of archives.
After this operation, 22.8 MB of additional disk space will be used.
Do you want to continue? [Y/n] y
Get:1 http://in.archive.ubuntu.com/ubuntu jammy-updates/main amd64 libssl-dev amd64 3.0.2-0ubuntu1.9 [2373 kB]
Get:2 http://in.archive.ubuntu.com/ubuntu jammy/main amd64 libzstd-dev amd64 1.4.8+dfsg-3build1 [401 kB]
Get:3 http://in.archive.ubuntu.com/ubuntu jammy-updates/main amd64 libmysqlclient-dev amd64 8.0.33-0ubuntu0.22.04.2 [1656 kB]
Fetched 4430 kB in 11s (396 kB/s)            
Selecting previously unselected package libssl-dev:amd64.
(Reading database ... 260604 files and directories currently installed.)
Preparing to unpack .../libssl-dev_3.0.2-0ubuntu1.9_amd64.deb ...
Unpacking libssl-dev:amd64 (3.0.2-0ubuntu1.9) ...
Selecting previously unselected package libzstd-dev:amd64.
Preparing to unpack .../libzstd-dev_1.4.8+dfsg-3build1_amd64.deb ...
Unpacking libzstd-dev:amd64 (1.4.8+dfsg-3build1) ...
Selecting previously unselected package libmysqlclient-dev.
Preparing to unpack .../libmysqlclient-dev_8.0.33-0ubuntu0.22.04.2_amd64.deb ...
Unpacking libmysqlclient-dev (8.0.33-0ubuntu0.22.04.2) ...
Setting up libzstd-dev:amd64 (1.4.8+dfsg-3build1) ...
Setting up libssl-dev:amd64 (3.0.2-0ubuntu1.9) ...
Setting up libmysqlclient-dev (8.0.33-0ubuntu0.22.04.2) ...
Processing triggers for man-db (2.10.2-1) ...
shrivatsa@shrivatsa-Victus-by-HP-Laptop-16-e0xxx:~/Documents/Python-Programs$ sudo apt-get install libssl-dev
Reading package lists... Done
Building dependency tree... Done
Reading state information... Done
libssl-dev is already the newest version (3.0.2-0ubuntu1.9).
libssl-dev set to manually installed.
The following packages were automatically installed and are no longer required:
  gir1.2-gst-plugins-base-1.0 gir1.2-rb-3.0 gir1.2-totem-1.0 gir1.2-totemplparser-1.0 libdmapsharing-3.0-2 libgpod-common libgpod4 libnetplan0
  libsgutils2-2
Use 'sudo apt autoremove' to remove them.
0 upgraded, 0 newly installed, 0 to remove and 29 not upgraded.
shrivatsa@shrivatsa-Victus-by-HP-Laptop-16-e0xxx:~/Documents/Python-Programs$ pip3 install mysql
Defaulting to user installation because normal site-packages is not writeable
Collecting mysql
  Using cached mysql-0.0.3-py3-none-any.whl (1.2 kB)
Collecting mysqlclient
  Using cached mysqlclient-2.1.1.tar.gz (88 kB)
  Preparing metadata (setup.py) ... done
Building wheels for collected packages: mysqlclient
  Building wheel for mysqlclient (setup.py) ... done
  Created wheel for mysqlclient: filename=mysqlclient-2.1.1-cp310-cp310-linux_x86_64.whl size=104321 sha256=8179130d7279c10b7c25364785f40367108e53fa7705b4bd503872d5d1c54628
  Stored in directory: /home/shrivatsa/.cache/pip/wheels/7d/34/ba/a769c165b01646816afdf9bf792e847ef149693fee432b6b65
Successfully built mysqlclient
Installing collected packages: mysqlclient, mysql
Successfully installed mysql-0.0.3 mysqlclient-2.1.1
shrivatsa@shrivatsa-Victus-by-HP-Laptop-16-e0xxx:~/Documents/Python-Programs$ pip install mysql-connector-python
Defaulting to user installation because normal site-packages is not writeable
Collecting mysql-connector-python
  Downloading mysql_connector_python-8.0.33-cp310-cp310-manylinux1_x86_64.whl (27.4 MB)
     ━━━━━━━━━━━━━━━━━━━━━━━━━━━━━━━━━━━━━━━━ 27.4/27.4 MB 1.1 MB/s eta 0:00:00
Requirement already satisfied: protobuf<=3.20.3,>=3.11.0 in /usr/lib/python3/dist-packages (from mysql-connector-python) (3.12.4)
Installing collected packages: mysql-connector-python
Successfully installed mysql-connector-python-8.0.33
shrivatsa@shrivatsa-Victus-by-HP-Laptop-16-e0xxx:~/Documents/Python-Programs$ SELECT user,authentication_string,plugin,host FROM mysql.user;
bash: SELECT: command not found
shrivatsa@shrivatsa-Victus-by-HP-Laptop-16-e0xxx:~/Documents/Python-Programs$ mysql -u root -p -H
Enter password: 
ERROR 1698 (28000): Access denied for user 'root'@'localhost'
shrivatsa@shrivatsa-Victus-by-HP-Laptop-16-e0xxx:~/Documents/Python-Programs$ sudo mysql -u root -p -H
Enter password: 
Welcome to the MySQL monitor.  Commands end with ; or \g.
Your MySQL connection id is 19
Server version: 8.0.33-0ubuntu0.22.04.2 (Ubuntu)

Copyright (c) 2000, 2023, Oracle and/or its affiliates.

Oracle is a registered trademark of Oracle Corporation and/or its
affiliates. Other names may be trademarks of their respective
owners.

Type 'help;' or '\h' for help. Type '\c' to clear the current input statement.

mysql> SELECT user,authentication_string,plugin,host FROM mysql.user;
<TABLE BORDER=1><TR><TH>user</TH><TH>authentication_string</TH><TH>plugin</TH><TH>host</TH></TR><TR><TD>debian-sys-maint</TD><TD>$A$005$D0Ok�2]r6
                                                                                                                                                 s4u/:E2QAiGu3uHFWJ00Yv7kfEMVrKt154.rmloqO2DLGQw3</TD><TD>caching_sha2_password</TD><TD>localhost</TD></TR><TR><TD>mysql.infoschema</TD><TD>$A$005$THISISACOMBINATIONOFINVALIDSALTANDPASSWORDTHATMUSTNEVERBRBEUSED</TD><TD>caching_sha2_password</TD><TD>localhost</TD></TR><TR><TD>mysql.session</TD><TD>$A$005$THISISACOMBINATIONOFINVALIDSALTANDPASSWORDTHATMUSTNEVERBRBEUSED</TD><TD>caching_sha2_password</TD><TD>localhost</TD></TR><TR><TD>mysql.sys</TD><TD>$A$005$THISISACOMBINATIONOFINVALIDSALTANDPASSWORDTHATMUSTNEVERBRBEUSED</TD><TD>caching_sha2_password</TD><TD>localhost</TD></TR><TR><TD>root</TD><TD></TD><TD>auth_socket</TD><TD>localhost</TD></TR></TABLE>5 rows in set (0.00 sec)

mysql> exit
Bye
shrivatsa@shrivatsa-Victus-by-HP-Laptop-16-e0xxx:~/Documents/Python-Programs$ SET PASSWORD FOR 'root'@'localhost' = PASSWORD('manager');
bash: syntax error near unexpected token `('
shrivatsa@shrivatsa-Victus-by-HP-Laptop-16-e0xxx:~/Documents/Python-Programs$ 


