shrivatsa@Victus-HP:~$ minikube start
W0926 23:46:27.826636    3881 main.go:291] Unable to resolve the current Docker CLI context "default": context "default": context not found: open /home/shrivatsa/.docker/contexts/meta/37a8eec1ce19687d132fe29051dca629d164e2c4958ba141d5f4133a33f0688f/meta.json: no such file or directory
😄  minikube v1.31.2 on Ubuntu 22.04
✨  Using the docker driver based on existing profile
👍  Starting control plane node minikube in cluster minikube
🚜  Pulling base image ...
🔄  Restarting existing docker container for "minikube" ...
🐳  Preparing Kubernetes v1.27.4 on Docker 24.0.4 ...
🔗  Configuring bridge CNI (Container Networking Interface) ...
🔎  Verifying Kubernetes components...
    ▪ Using image gcr.io/k8s-minikube/storage-provisioner:v5
🌟  Enabled addons: default-storageclass, storage-provisioner
🏄  Done! kubectl is now configured to use "minikube" cluster and "default" namespace by default
shrivatsa@Victus-HP:~$ kubectl run kubia --image=luksa/kubia --port=8080
pod/kubia created
shrivatsa@Victus-HP:~$ kubectl get po
NAME    READY   STATUS              RESTARTS   AGE
kubia   0/1     ContainerCreating   0          14s
shrivatsa@Victus-HP:~$ kubectl get p
error: the server doesn't have a resource type "p"
shrivatsa@Victus-HP:~$ kubectl get pods
NAME    READY   STATUS              RESTARTS   AGE
kubia   0/1     ContainerCreating   0          21s
shrivatsa@Victus-HP:~$ sudo lsof -i:8080
[sudo] password for shrivatsa: 
shrivatsa@Victus-HP:~$ sudo lsof -i:8080
shrivatsa@Victus-HP:~$ kubectl get pods
NAME    READY   STATUS              RESTARTS   AGE
kubia   0/1     ContainerCreating   0          112s
shrivatsa@Victus-HP:~$ minikube dashboard
W0926 23:52:51.812782   13503 main.go:291] Unable to resolve the current Docker CLI context "default": context "default": context not found: open /home/shrivatsa/.docker/contexts/meta/37a8eec1ce19687d132fe29051dca629d164e2c4958ba141d5f4133a33f0688f/meta.json: no such file or directory
🔌  Enabling dashboard ...
    ▪ Using image docker.io/kubernetesui/dashboard:v2.7.0
    ▪ Using image docker.io/kubernetesui/metrics-scraper:v1.0.8
💡  Some dashboard features require the metrics-server addon. To enable all features please run:

	minikube addons enable metrics-server	


🤔  Verifying dashboard health ...
🚀  Launching proxy ...
🤔  Verifying proxy health ...
🎉  Opening http://127.0.0.1:36351/api/v1/namespaces/kubernetes-dashboard/services/http:kubernetes-dashboard:/proxy/ in your default browser...
Opening in existing browser session.
^C
shrivatsa@Victus-HP:~$ minikube status
W0927 00:01:14.522901   22343 main.go:291] Unable to resolve the current Docker CLI context "default": context "default": context not found: open /home/shrivatsa/.docker/contexts/meta/37a8eec1ce19687d132fe29051dca629d164e2c4958ba141d5f4133a33f0688f/meta.json: no such file or directory
minikube
type: Control Plane
host: Running
kubelet: Running
apiserver: Running
kubeconfig: Configured

shrivatsa@Victus-HP:~$ kubectl expose pod kubia --type=LoadBalancer --name=http-kubia
service/http-kubia exposed
shrivatsa@Victus-HP:~$ kubectl get services
NAME         TYPE           CLUSTER-IP       EXTERNAL-IP   PORT(S)          AGE
http-kubia   LoadBalancer   10.103.146.244   <pending>     8080:31153/TCP   29s
kubernetes   ClusterIP      10.96.0.1        <none>        443/TCP          22h
shrivatsa@Victus-HP:~$ kubectl get svc
NAME         TYPE           CLUSTER-IP       EXTERNAL-IP   PORT(S)          AGE
http-kubia   LoadBalancer   10.103.146.244   <pending>     8080:31153/TCP   59s
kubernetes   ClusterIP      10.96.0.1        <none>        443/TCP          22h
shrivatsa@Victus-HP:~$ kubectl get svc
NAME         TYPE           CLUSTER-IP       EXTERNAL-IP   PORT(S)          AGE
http-kubia   LoadBalancer   10.103.146.244   <pending>     8080:31153/TCP   3m42s
kubernetes   ClusterIP      10.96.0.1        <none>        443/TCP          23h
shrivatsa@Victus-HP:~$ kubectl get po
NAME    READY   STATUS    RESTARTS   AGE
kubia   1/1     Running   0          17m
shrivatsa@Victus-HP:~$ kubectl get svc
NAME         TYPE           CLUSTER-IP       EXTERNAL-IP   PORT(S)          AGE
http-kubia   LoadBalancer   10.103.146.244   <pending>     8080:31153/TCP   4m33s
kubernetes   ClusterIP      10.96.0.1        <none>        443/TCP          23h
shrivatsa@Victus-HP:~$ kubectl get svc
NAME         TYPE           CLUSTER-IP       EXTERNAL-IP   PORT(S)          AGE
http-kubia   LoadBalancer   10.103.146.244   <pending>     8080:31153/TCP   7m39s
kubernetes   ClusterIP      10.96.0.1        <none>        443/TCP          23h
shrivatsa@Victus-HP:~$ kubectl get po -o wide
NAME    READY   STATUS    RESTARTS   AGE   IP           NODE       NOMINATED NODE   READINESS GATES
kubia   1/1     Running   0          21m   10.244.0.5   minikube   <none>           <none>
shrivatsa@Victus-HP:~$ kubectl get po
NAME    READY   STATUS    RESTARTS   AGE
kubia   1/1     Running   0          21m
shrivatsa@Victus-HP:~$ kubectl describe pod kubia
Name:             kubia
Namespace:        default
Priority:         0
Service Account:  default
Node:             minikube/192.168.49.2
Start Time:       Tue, 26 Sep 2023 23:49:04 +0530
Labels:           run=kubia
Annotations:      <none>
Status:           Running
IP:               10.244.0.5
IPs:
  IP:  10.244.0.5
Containers:
  kubia:
    Container ID:   docker://07f1575c01d7396e46b626c624cb22f16a70d1541839acf4ddcc39ef1626c9f0
    Image:          luksa/kubia
    Image ID:       docker-pullable://luksa/kubia@sha256:3f28e304dc0f63dc30f273a4202096f0fa0d08510bd2ee7e1032ce600616de24
    Port:           8080/TCP
    Host Port:      0/TCP
    State:          Running
      Started:      Tue, 26 Sep 2023 23:52:32 +0530
    Ready:          True
    Restart Count:  0
    Environment:    <none>
    Mounts:
      /var/run/secrets/kubernetes.io/serviceaccount from kube-api-access-bmm4r (ro)
Conditions:
  Type              Status
  Initialized       True 
  Ready             True 
  ContainersReady   True 
  PodScheduled      True 
Volumes:
  kube-api-access-bmm4r:
    Type:                    Projected (a volume that contains injected data from multiple sources)
    TokenExpirationSeconds:  3607
    ConfigMapName:           kube-root-ca.crt
    ConfigMapOptional:       <nil>
    DownwardAPI:             true
QoS Class:                   BestEffort
Node-Selectors:              <none>
Tolerations:                 node.kubernetes.io/not-ready:NoExecute op=Exists for 300s
                             node.kubernetes.io/unreachable:NoExecute op=Exists for 300s
Events:
  Type    Reason     Age   From               Message
  ----    ------     ----  ----               -------
  Normal  Scheduled  22m   default-scheduler  Successfully assigned default/kubia to minikube
  Normal  Pulling    22m   kubelet            Pulling image "luksa/kubia"
  Normal  Pulled     18m   kubelet            Successfully pulled image "luksa/kubia" in 3m26.434181108s (3m26.434190815s including waiting)
  Normal  Created    18m   kubelet            Created container kubia
  Normal  Started    18m   kubelet            Started container kubia
shrivatsa@Victus-HP:~$ kubectl describe pod kubia -json
error: unknown shorthand flag: 'j' in -json
See 'kubectl describe --help' for usage.
shrivatsa@Victus-HP:~$ kubectl describe pod kubia -type=json
error: unknown shorthand flag: 't' in -type=json
See 'kubectl describe --help' for usage.
shrivatsa@Victus-HP:~$ kubectl describe pod kubia -type json
error: unknown shorthand flag: 't' in -type
See 'kubectl describe --help' for usage.
shrivatsa@Victus-HP:~$ kubectl describe pod kubia --type=json
error: unknown flag: --type
See 'kubectl describe --help' for usage.
shrivatsa@Victus-HP:~$ kubectl describe pod kubia --type json
error: unknown flag: --type
See 'kubectl describe --help' for usage.
shrivatsa@Victus-HP:~$ minikube dashboard
W0927 00:13:58.807558   35244 main.go:291] Unable to resolve the current Docker CLI context "default": context "default": context not found: open /home/shrivatsa/.docker/contexts/meta/37a8eec1ce19687d132fe29051dca629d164e2c4958ba141d5f4133a33f0688f/meta.json: no such file or directory
🤔  Verifying dashboard health ...
🚀  Launching proxy ...
🤔  Verifying proxy health ...
🎉  Opening http://127.0.0.1:36089/api/v1/namespaces/kubernetes-dashboard/services/http:kubernetes-dashboard:/proxy/ in your default browser...
Opening in existing browser session.
^C
shrivatsa@Victus-HP:~$ kubectl get pod kubia -o yaml
apiVersion: v1
kind: Pod
metadata:
  creationTimestamp: "2023-09-26T18:19:04Z"
  labels:
    run: kubia
  name: kubia
  namespace: default
  resourceVersion: "1337"
  uid: d3b9a180-5d90-4dd3-802e-d2f0d8a2f6ba
spec:
  containers:
  - image: luksa/kubia
    imagePullPolicy: Always
    name: kubia
    ports:
    - containerPort: 8080
      protocol: TCP
    resources: {}
    terminationMessagePath: /dev/termination-log
    terminationMessagePolicy: File
    volumeMounts:
    - mountPath: /var/run/secrets/kubernetes.io/serviceaccount
      name: kube-api-access-bmm4r
      readOnly: true
  dnsPolicy: ClusterFirst
  enableServiceLinks: true
  nodeName: minikube
  preemptionPolicy: PreemptLowerPriority
  priority: 0
  restartPolicy: Always
  schedulerName: default-scheduler
  securityContext: {}
  serviceAccount: default
  serviceAccountName: default
  terminationGracePeriodSeconds: 30
  tolerations:
  - effect: NoExecute
    key: node.kubernetes.io/not-ready
    operator: Exists
    tolerationSeconds: 300
  - effect: NoExecute
    key: node.kubernetes.io/unreachable
    operator: Exists
    tolerationSeconds: 300
  volumes:
  - name: kube-api-access-bmm4r
    projected:
      defaultMode: 420
      sources:
      - serviceAccountToken:
          expirationSeconds: 3607
          path: token
      - configMap:
          items:
          - key: ca.crt
            path: ca.crt
          name: kube-root-ca.crt
      - downwardAPI:
          items:
          - fieldRef:
              apiVersion: v1
              fieldPath: metadata.namespace
            path: namespace
status:
  conditions:
  - lastProbeTime: null
    lastTransitionTime: "2023-09-26T18:19:04Z"
    status: "True"
    type: Initialized
  - lastProbeTime: null
    lastTransitionTime: "2023-09-26T18:22:32Z"
    status: "True"
    type: Ready
  - lastProbeTime: null
    lastTransitionTime: "2023-09-26T18:22:32Z"
    status: "True"
    type: ContainersReady
  - lastProbeTime: null
    lastTransitionTime: "2023-09-26T18:19:04Z"
    status: "True"
    type: PodScheduled
  containerStatuses:
  - containerID: docker://07f1575c01d7396e46b626c624cb22f16a70d1541839acf4ddcc39ef1626c9f0
    image: luksa/kubia:latest
    imageID: docker-pullable://luksa/kubia@sha256:3f28e304dc0f63dc30f273a4202096f0fa0d08510bd2ee7e1032ce600616de24
    lastState: {}
    name: kubia
    ready: true
    restartCount: 0
    started: true
    state:
      running:
        startedAt: "2023-09-26T18:22:32Z"
  hostIP: 192.168.49.2
  phase: Running
  podIP: 10.244.0.5
  podIPs:
  - ip: 10.244.0.5
  qosClass: BestEffort
  startTime: "2023-09-26T18:19:04Z"
shrivatsa@Victus-HP:~$ kubectl get pod kubia -o json
{
    "apiVersion": "v1",
    "kind": "Pod",
    "metadata": {
        "creationTimestamp": "2023-09-26T18:19:04Z",
        "labels": {
            "run": "kubia"
        },
        "name": "kubia",
        "namespace": "default",
        "resourceVersion": "1337",
        "uid": "d3b9a180-5d90-4dd3-802e-d2f0d8a2f6ba"
    },
    "spec": {
        "containers": [
            {
                "image": "luksa/kubia",
                "imagePullPolicy": "Always",
                "name": "kubia",
                "ports": [
                    {
                        "containerPort": 8080,
                        "protocol": "TCP"
                    }
                ],
                "resources": {},
                "terminationMessagePath": "/dev/termination-log",
                "terminationMessagePolicy": "File",
                "volumeMounts": [
                    {
                        "mountPath": "/var/run/secrets/kubernetes.io/serviceaccount",
                        "name": "kube-api-access-bmm4r",
                        "readOnly": true
                    }
                ]
            }
        ],
        "dnsPolicy": "ClusterFirst",
        "enableServiceLinks": true,
        "nodeName": "minikube",
        "preemptionPolicy": "PreemptLowerPriority",
        "priority": 0,
        "restartPolicy": "Always",
        "schedulerName": "default-scheduler",
        "securityContext": {},
        "serviceAccount": "default",
        "serviceAccountName": "default",
        "terminationGracePeriodSeconds": 30,
        "tolerations": [
            {
                "effect": "NoExecute",
                "key": "node.kubernetes.io/not-ready",
                "operator": "Exists",
                "tolerationSeconds": 300
            },
            {
                "effect": "NoExecute",
                "key": "node.kubernetes.io/unreachable",
                "operator": "Exists",
                "tolerationSeconds": 300
            }
        ],
        "volumes": [
            {
                "name": "kube-api-access-bmm4r",
                "projected": {
                    "defaultMode": 420,
                    "sources": [
                        {
                            "serviceAccountToken": {
                                "expirationSeconds": 3607,
                                "path": "token"
                            }
                        },
                        {
                            "configMap": {
                                "items": [
                                    {
                                        "key": "ca.crt",
                                        "path": "ca.crt"
                                    }
                                ],
                                "name": "kube-root-ca.crt"
                            }
                        },
                        {
                            "downwardAPI": {
                                "items": [
                                    {
                                        "fieldRef": {
                                            "apiVersion": "v1",
                                            "fieldPath": "metadata.namespace"
                                        },
                                        "path": "namespace"
                                    }
                                ]
                            }
                        }
                    ]
                }
            }
        ]
    },
    "status": {
        "conditions": [
            {
                "lastProbeTime": null,
                "lastTransitionTime": "2023-09-26T18:19:04Z",
                "status": "True",
                "type": "Initialized"
            },
            {
                "lastProbeTime": null,
                "lastTransitionTime": "2023-09-26T18:22:32Z",
                "status": "True",
                "type": "Ready"
            },
            {
                "lastProbeTime": null,
                "lastTransitionTime": "2023-09-26T18:22:32Z",
                "status": "True",
                "type": "ContainersReady"
            },
            {
                "lastProbeTime": null,
                "lastTransitionTime": "2023-09-26T18:19:04Z",
                "status": "True",
                "type": "PodScheduled"
            }
        ],
        "containerStatuses": [
            {
                "containerID": "docker://07f1575c01d7396e46b626c624cb22f16a70d1541839acf4ddcc39ef1626c9f0",
                "image": "luksa/kubia:latest",
                "imageID": "docker-pullable://luksa/kubia@sha256:3f28e304dc0f63dc30f273a4202096f0fa0d08510bd2ee7e1032ce600616de24",
                "lastState": {},
                "name": "kubia",
                "ready": true,
                "restartCount": 0,
                "started": true,
                "state": {
                    "running": {
                        "startedAt": "2023-09-26T18:22:32Z"
                    }
                }
            }
        ],
        "hostIP": "192.168.49.2",
        "phase": "Running",
        "podIP": "10.244.0.5",
        "podIPs": [
            {
                "ip": "10.244.0.5"
            }
        ],
        "qosClass": "BestEffort",
        "startTime": "2023-09-26T18:19:04Z"
    }
}
shrivatsa@Victus-HP:~$ nano nginx.yaml
shrivatsa@Victus-HP:~$ kubectl apply -f nginx.yaml 
pod/my-pod created
shrivatsa@Victus-HP:~$ kubectl get po
NAME     READY   STATUS              RESTARTS   AGE
kubia    1/1     Running             0          53m
my-pod   0/1     ContainerCreating   0          8s
shrivatsa@Victus-HP:~$ nano nginx.yaml
shrivatsa@Victus-HP:~$ kubectl get pod mypod -o yaml
Error from server (NotFound): pods "mypod" not found
shrivatsa@Victus-HP:~$ kubectl get pod -mypod -o yaml
error: unknown shorthand flag: 'm' in -mypod
See 'kubectl get --help' for usage.
shrivatsa@Victus-HP:~$ kubectl get pod my-pod -o yaml
apiVersion: v1
kind: Pod
metadata:
  annotations:
    kubectl.kubernetes.io/last-applied-configuration: |
      {"apiVersion":"v1","kind":"Pod","metadata":{"annotations":{},"name":"my-pod","namespace":"default"},"spec":{"containers":[{"image":"nginx:latest","name":"my-container"}]}}
  creationTimestamp: "2023-09-26T19:12:32Z"
  name: my-pod
  namespace: default
  resourceVersion: "3860"
  uid: 1d5d15f1-8f9e-476b-94c7-f107f67bd139
spec:
  containers:
  - image: nginx:latest
    imagePullPolicy: Always
    name: my-container
    resources: {}
    terminationMessagePath: /dev/termination-log
    terminationMessagePolicy: File
    volumeMounts:
    - mountPath: /var/run/secrets/kubernetes.io/serviceaccount
      name: kube-api-access-qhkb6
      readOnly: true
  dnsPolicy: ClusterFirst
  enableServiceLinks: true
  nodeName: minikube
  preemptionPolicy: PreemptLowerPriority
  priority: 0
  restartPolicy: Always
  schedulerName: default-scheduler
  securityContext: {}
  serviceAccount: default
  serviceAccountName: default
  terminationGracePeriodSeconds: 30
  tolerations:
  - effect: NoExecute
    key: node.kubernetes.io/not-ready
    operator: Exists
    tolerationSeconds: 300
  - effect: NoExecute
    key: node.kubernetes.io/unreachable
    operator: Exists
    tolerationSeconds: 300
  volumes:
  - name: kube-api-access-qhkb6
    projected:
      defaultMode: 420
      sources:
      - serviceAccountToken:
          expirationSeconds: 3607
          path: token
      - configMap:
          items:
          - key: ca.crt
            path: ca.crt
          name: kube-root-ca.crt
      - downwardAPI:
          items:
          - fieldRef:
              apiVersion: v1
              fieldPath: metadata.namespace
            path: namespace
status:
  conditions:
  - lastProbeTime: null
    lastTransitionTime: "2023-09-26T19:12:32Z"
    status: "True"
    type: Initialized
  - lastProbeTime: null
    lastTransitionTime: "2023-09-26T19:13:16Z"
    status: "True"
    type: Ready
  - lastProbeTime: null
    lastTransitionTime: "2023-09-26T19:13:16Z"
    status: "True"
    type: ContainersReady
  - lastProbeTime: null
    lastTransitionTime: "2023-09-26T19:12:32Z"
    status: "True"
    type: PodScheduled
  containerStatuses:
  - containerID: docker://ad2a55ad4747a77436ef73ea26a58df36ae3777a7a35daca66aa2554308d46b7
    image: nginx:latest
    imageID: docker-pullable://nginx@sha256:32da30332506740a2f7c34d5dc70467b7f14ec67d912703568daff790ab3f755
    lastState: {}
    name: my-container
    ready: true
    restartCount: 0
    started: true
    state:
      running:
        startedAt: "2023-09-26T19:13:15Z"
  hostIP: 192.168.49.2
  phase: Running
  podIP: 10.244.0.8
  podIPs:
  - ip: 10.244.0.8
  qosClass: BestEffort
  startTime: "2023-09-26T19:12:32Z"
shrivatsa@Victus-HP:~$ kubectl explain pods
KIND:       Pod
VERSION:    v1

DESCRIPTION:
    Pod is a collection of containers that can run on a host. This resource is
    created by clients and scheduled onto hosts.
    
FIELDS:
  apiVersion	<string>
    APIVersion defines the versioned schema of this representation of an object.
    Servers should convert recognized schemas to the latest internal value, and
    may reject unrecognized values. More info:
    https://git.k8s.io/community/contributors/devel/sig-architecture/api-conventions.md#resources

  kind	<string>
    Kind is a string value representing the REST resource this object
    represents. Servers may infer this from the endpoint the client submits
    requests to. Cannot be updated. In CamelCase. More info:
    https://git.k8s.io/community/contributors/devel/sig-architecture/api-conventions.md#types-kinds

  metadata	<ObjectMeta>
    Standard object's metadata. More info:
    https://git.k8s.io/community/contributors/devel/sig-architecture/api-conventions.md#metadata

  spec	<PodSpec>
    Specification of the desired behavior of the pod. More info:
    https://git.k8s.io/community/contributors/devel/sig-architecture/api-conventions.md#spec-and-status

  status	<PodStatus>
    Most recently observed status of the pod. This data may not be up to date.
    Populated by the system. Read-only. More info:
    https://git.k8s.io/community/contributors/devel/sig-architecture/api-conventions.md#spec-and-status


shrivatsa@Victus-HP:~$ kubectl logs nginx
Error from server (NotFound): pods "nginx" not found
shrivatsa@Victus-HP:~$ kubectl create -f nginx.yaml
Error from server (AlreadyExists): error when creating "nginx.yaml": pods "my-pod" already exists
shrivatsa@Victus-HP:~$ kubectl create -f nginx1.yaml
error: the path "nginx1.yaml" does not exist
shrivatsa@Victus-HP:~$ kubectl get po
NAME     READY   STATUS    RESTARTS   AGE
kubia    1/1     Running   0          62m
my-pod   1/1     Running   0          9m29s
shrivatsa@Victus-HP:~$ kubectl logs my-pod
/docker-entrypoint.sh: /docker-entrypoint.d/ is not empty, will attempt to perform configuration
/docker-entrypoint.sh: Looking for shell scripts in /docker-entrypoint.d/
/docker-entrypoint.sh: Launching /docker-entrypoint.d/10-listen-on-ipv6-by-default.sh
10-listen-on-ipv6-by-default.sh: info: Getting the checksum of /etc/nginx/conf.d/default.conf
10-listen-on-ipv6-by-default.sh: info: Enabled listen on IPv6 in /etc/nginx/conf.d/default.conf
/docker-entrypoint.sh: Sourcing /docker-entrypoint.d/15-local-resolvers.envsh
/docker-entrypoint.sh: Launching /docker-entrypoint.d/20-envsubst-on-templates.sh
/docker-entrypoint.sh: Launching /docker-entrypoint.d/30-tune-worker-processes.sh
/docker-entrypoint.sh: Configuration complete; ready for start up
2023/09/26 19:13:15 [notice] 1#1: using the "epoll" event method
2023/09/26 19:13:15 [notice] 1#1: nginx/1.25.2
2023/09/26 19:13:15 [notice] 1#1: built by gcc 12.2.0 (Debian 12.2.0-14) 
2023/09/26 19:13:15 [notice] 1#1: OS: Linux 6.2.0-32-generic
2023/09/26 19:13:15 [notice] 1#1: getrlimit(RLIMIT_NOFILE): 1048576:1048576
2023/09/26 19:13:15 [notice] 1#1: start worker processes
2023/09/26 19:13:15 [notice] 1#1: start worker process 29
2023/09/26 19:13:15 [notice] 1#1: start worker process 30
2023/09/26 19:13:15 [notice] 1#1: start worker process 31
2023/09/26 19:13:15 [notice] 1#1: start worker process 32
2023/09/26 19:13:15 [notice] 1#1: start worker process 33
2023/09/26 19:13:15 [notice] 1#1: start worker process 34
2023/09/26 19:13:15 [notice] 1#1: start worker process 35
2023/09/26 19:13:15 [notice] 1#1: start worker process 36
2023/09/26 19:13:15 [notice] 1#1: start worker process 37
2023/09/26 19:13:15 [notice] 1#1: start worker process 38
2023/09/26 19:13:15 [notice] 1#1: start worker process 39
2023/09/26 19:13:15 [notice] 1#1: start worker process 40
shrivatsa@Victus-HP:~$ kubectl port-forward kubia 8888:8080
Forwarding from 127.0.0.1:8888 -> 8080
Forwarding from [::1]:8888 -> 8080
Handling connection for 8888
Handling connection for 8888
^Cshrivatsa@Victus-HP:~$ kubectl port-forward kubia 8888:1234
Forwarding from 127.0.0.1:8888 -> 1234
Forwarding from [::1]:8888 -> 1234
Handling connection for 8888
Handling connection for 8888
E0927 00:56:37.216381   77231 portforward.go:409] an error occurred forwarding 8888 -> 1234: error forwarding port 1234 to pod 9827da84293b6e3e9662b3b0c71abd036869ceaa68ace2f903d70f45eeea7152, uid : exit status 1: 2023/09/26 19:26:37 socat[69418] E connect(5, AF=2 127.0.0.1:1234, 16): Connection refused
error: lost connection to pod
shrivatsa@Victus-HP:~$ kubectl port-forward kubia 8888:8080
Forwarding from 127.0.0.1:8888 -> 8080
Forwarding from [::1]:8888 -> 8080
Handling connection for 8888
Handling connection for 8888
^Cshrivatsa@Victus-HP:~$ kubectl get pods --show-labels
NAME     READY   STATUS    RESTARTS   AGE   LABELS
kubia    1/1     Running   0          69m   run=kubia
my-pod   1/1     Running   0          15m   <none>
shrivatsa@Victus-HP:~$ nano nginx.yaml
shrivatsa@Victus-HP:~$ kubectl describe pods my-pod
Name:             my-pod
Namespace:        default
Priority:         0
Service Account:  default
Node:             minikube/192.168.49.2
Start Time:       Wed, 27 Sep 2023 00:42:32 +0530
Labels:           <none>
Annotations:      <none>
Status:           Running
IP:               10.244.0.8
IPs:
  IP:  10.244.0.8
Containers:
  my-container:
    Container ID:   docker://ad2a55ad4747a77436ef73ea26a58df36ae3777a7a35daca66aa2554308d46b7
    Image:          nginx:latest
    Image ID:       docker-pullable://nginx@sha256:32da30332506740a2f7c34d5dc70467b7f14ec67d912703568daff790ab3f755
    Port:           <none>
    Host Port:      <none>
    State:          Running
      Started:      Wed, 27 Sep 2023 00:43:15 +0530
    Ready:          True
    Restart Count:  0
    Environment:    <none>
    Mounts:
      /var/run/secrets/kubernetes.io/serviceaccount from kube-api-access-qhkb6 (ro)
Conditions:
  Type              Status
  Initialized       True 
  Ready             True 
  ContainersReady   True 
  PodScheduled      True 
Volumes:
  kube-api-access-qhkb6:
    Type:                    Projected (a volume that contains injected data from multiple sources)
    TokenExpirationSeconds:  3607
    ConfigMapName:           kube-root-ca.crt
    ConfigMapOptional:       <nil>
    DownwardAPI:             true
QoS Class:                   BestEffort
Node-Selectors:              <none>
Tolerations:                 node.kubernetes.io/not-ready:NoExecute op=Exists for 300s
                             node.kubernetes.io/unreachable:NoExecute op=Exists for 300s
Events:
  Type    Reason     Age   From               Message
  ----    ------     ----  ----               -------
  Normal  Scheduled  16m   default-scheduler  Successfully assigned default/my-pod to minikube
  Normal  Pulling    16m   kubelet            Pulling image "nginx:latest"
  Normal  Pulled     15m   kubelet            Successfully pulled image "nginx:latest" in 42.098450879s (42.098458493s including waiting)
  Normal  Created    15m   kubelet            Created container my-container
  Normal  Started    15m   kubelet            Started container my-container
shrivatsa@Victus-HP:~$ kubectl describe pods kubia
Name:             kubia
Namespace:        default
Priority:         0
Service Account:  default
Node:             minikube/192.168.49.2
Start Time:       Tue, 26 Sep 2023 23:49:04 +0530
Labels:           run=kubia
Annotations:      <none>
Status:           Running
IP:               10.244.0.5
IPs:
  IP:  10.244.0.5
Containers:
  kubia:
    Container ID:   docker://07f1575c01d7396e46b626c624cb22f16a70d1541839acf4ddcc39ef1626c9f0
    Image:          luksa/kubia
    Image ID:       docker-pullable://luksa/kubia@sha256:3f28e304dc0f63dc30f273a4202096f0fa0d08510bd2ee7e1032ce600616de24
    Port:           8080/TCP
    Host Port:      0/TCP
    State:          Running
      Started:      Tue, 26 Sep 2023 23:52:32 +0530
    Ready:          True
    Restart Count:  0
    Environment:    <none>
    Mounts:
      /var/run/secrets/kubernetes.io/serviceaccount from kube-api-access-bmm4r (ro)
Conditions:
  Type              Status
  Initialized       True 
  Ready             True 
  ContainersReady   True 
  PodScheduled      True 
Volumes:
  kube-api-access-bmm4r:
    Type:                    Projected (a volume that contains injected data from multiple sources)
    TokenExpirationSeconds:  3607
    ConfigMapName:           kube-root-ca.crt
    ConfigMapOptional:       <nil>
    DownwardAPI:             true
QoS Class:                   BestEffort
Node-Selectors:              <none>
Tolerations:                 node.kubernetes.io/not-ready:NoExecute op=Exists for 300s
                             node.kubernetes.io/unreachable:NoExecute op=Exists for 300s
Events:                      <none>
shrivatsa@Victus-HP:~$ kubectl describe pods kubia | grep creation_method
shrivatsa@Victus-HP:~$ kubectl get pod -L creation_method,environment
NAME     READY   STATUS    RESTARTS   AGE   CREATION_METHOD   ENVIRONMENT
kubia    1/1     Running   0          72m                     
my-pod   1/1     Running   0          19m                     
shrivatsa@Victus-HP:~$ kubectl label pod kubia creation_method=manual
pod/kubia labeled
shrivatsa@Victus-HP:~$ kubectl get pod -L creation_method,environmen
NAME     READY   STATUS    RESTARTS   AGE   CREATION_METHOD   ENVIRONMEN
kubia    1/1     Running   0          74m   manual            
my-pod   1/1     Running   0          21m                     
shrivatsa@Victus-HP:~$ kubectl get pod -L creation_method,environment
NAME     READY   STATUS    RESTARTS   AGE   CREATION_METHOD   ENVIRONMENT
kubia    1/1     Running   0          74m   manual            
my-pod   1/1     Running   0          21m                     
shrivatsa@Victus-HP:~$ kubectl label pod my-pod environment=rvce
pod/my-pod labeled
shrivatsa@Victus-HP:~$ kubectl get pod -L creation_method,environment
NAME     READY   STATUS    RESTARTS   AGE   CREATION_METHOD   ENVIRONMENT
kubia    1/1     Running   0          75m   manual            
my-pod   1/1     Running   0          22m                     rvce
shrivatsa@Victus-HP:~$ kubectl label pod my-pod environment=mca
error: 'environment' already has a value (rvce), and --overwrite is false
shrivatsa@Victus-HP:~$ kubectl label pod my-pod environment=mca --overwrite
pod/my-pod labeled
shrivatsa@Victus-HP:~$ kubectl get pod -L creation_method,environment
NAME     READY   STATUS    RESTARTS   AGE   CREATION_METHOD   ENVIRONMENT
kubia    1/1     Running   0          75m   manual            
my-pod   1/1     Running   0          22m                     mca
shrivatsa@Victus-HP:~$ kubectl get pod -L environment
NAME     READY   STATUS    RESTARTS   AGE   ENVIRONMENT
kubia    1/1     Running   0          76m   
my-pod   1/1     Running   0          23m   mca
shrivatsa@Victus-HP:~$ kubectl get pod my-pod -L environment
NAME     READY   STATUS    RESTARTS   AGE   ENVIRONMENT
my-pod   1/1     Running   0          23m   mca
shrivatsa@Victus-HP:~$ kubectl get pod  -l '!env'
NAME     READY   STATUS    RESTARTS   AGE
kubia    1/1     Running   0          78m
my-pod   1/1     Running   0          24m
shrivatsa@Victus-HP:~$ kubectl get pod  -l '!creation_method'
NAME     READY   STATUS    RESTARTS   AGE
my-pod   1/1     Running   0          24m
shrivatsa@Victus-HP:~$ kubectl get pod  -l '!creation_method',environment
NAME     READY   STATUS    RESTARTS   AGE
my-pod   1/1     Running   0          25m
shrivatsa@Victus-HP:~$ kubectl get pod  -l '!creation_method',env
No resources found in default namespace.
shrivatsa@Victus-HP:~$ kubectl get pod  -l 'env'
No resources found in default namespace.
shrivatsa@Victus-HP:~$ kubectl get pod -L creation_method,environment
NAME     READY   STATUS    RESTARTS   AGE   CREATION_METHOD   ENVIRONMENT
kubia    1/1     Running   0          81m   manual            
my-pod   1/1     Running   0          27m                     mca
shrivatsa@Victus-HP:~$ kubectl get pod -l 'env'
No resources found in default namespace.
shrivatsa@Victus-HP:~$ kubectl get pod  -l 'env'
No resources found in default namespace.
shrivatsa@Victus-HP:~$ kubectl get pod -l '!env'
NAME     READY   STATUS    RESTARTS   AGE
kubia    1/1     Running   0          81m
my-pod   1/1     Running   0          28m
shrivatsa@Victus-HP:~$ kubectl describe pod my-pod
Name:             my-pod
Namespace:        default
Priority:         0
Service Account:  default
Node:             minikube/192.168.49.2
Start Time:       Wed, 27 Sep 2023 00:42:32 +0530
Labels:           environment=mca
Annotations:      <none>
Status:           Running
IP:               10.244.0.8
IPs:
  IP:  10.244.0.8
Containers:
  my-container:
    Container ID:   docker://ad2a55ad4747a77436ef73ea26a58df36ae3777a7a35daca66aa2554308d46b7
    Image:          nginx:latest
    Image ID:       docker-pullable://nginx@sha256:32da30332506740a2f7c34d5dc70467b7f14ec67d912703568daff790ab3f755
    Port:           <none>
    Host Port:      <none>
    State:          Running
      Started:      Wed, 27 Sep 2023 00:43:15 +0530
    Ready:          True
    Restart Count:  0
    Environment:    <none>
    Mounts:
      /var/run/secrets/kubernetes.io/serviceaccount from kube-api-access-qhkb6 (ro)
Conditions:
  Type              Status
  Initialized       True 
  Ready             True 
  ContainersReady   True 
  PodScheduled      True 
Volumes:
  kube-api-access-qhkb6:
    Type:                    Projected (a volume that contains injected data from multiple sources)
    TokenExpirationSeconds:  3607
    ConfigMapName:           kube-root-ca.crt
    ConfigMapOptional:       <nil>
    DownwardAPI:             true
QoS Class:                   BestEffort
Node-Selectors:              <none>
Tolerations:                 node.kubernetes.io/not-ready:NoExecute op=Exists for 300s
                             node.kubernetes.io/unreachable:NoExecute op=Exists for 300s
Events:
  Type    Reason     Age   From               Message
  ----    ------     ----  ----               -------
  Normal  Scheduled  30m   default-scheduler  Successfully assigned default/my-pod to minikube
  Normal  Pulling    30m   kubelet            Pulling image "nginx:latest"
  Normal  Pulled     29m   kubelet            Successfully pulled image "nginx:latest" in 42.098450879s (42.098458493s including waiting)
  Normal  Created    29m   kubelet            Created container my-container
  Normal  Started    29m   kubelet            Started container my-container
shrivatsa@Victus-HP:~$ kubectl annotate pod my-pod mycompany.com/someannotation="foo bar"
pod/my-pod annotated
shrivatsa@Victus-HP:~$ kubectl describe pod my-pod
Name:             my-pod
Namespace:        default
Priority:         0
Service Account:  default
Node:             minikube/192.168.49.2
Start Time:       Wed, 27 Sep 2023 00:42:32 +0530
Labels:           environment=mca
Annotations:      mycompany.com/someannotation: foo bar
Status:           Running
IP:               10.244.0.8
IPs:
  IP:  10.244.0.8
Containers:
  my-container:
    Container ID:   docker://ad2a55ad4747a77436ef73ea26a58df36ae3777a7a35daca66aa2554308d46b7
    Image:          nginx:latest
    Image ID:       docker-pullable://nginx@sha256:32da30332506740a2f7c34d5dc70467b7f14ec67d912703568daff790ab3f755
    Port:           <none>
    Host Port:      <none>
    State:          Running
      Started:      Wed, 27 Sep 2023 00:43:15 +0530
    Ready:          True
    Restart Count:  0
    Environment:    <none>
    Mounts:
      /var/run/secrets/kubernetes.io/serviceaccount from kube-api-access-qhkb6 (ro)
Conditions:
  Type              Status
  Initialized       True 
  Ready             True 
  ContainersReady   True 
  PodScheduled      True 
Volumes:
  kube-api-access-qhkb6:
    Type:                    Projected (a volume that contains injected data from multiple sources)
    TokenExpirationSeconds:  3607
    ConfigMapName:           kube-root-ca.crt
    ConfigMapOptional:       <nil>
    DownwardAPI:             true
QoS Class:                   BestEffort
Node-Selectors:              <none>
Tolerations:                 node.kubernetes.io/not-ready:NoExecute op=Exists for 300s
                             node.kubernetes.io/unreachable:NoExecute op=Exists for 300s
Events:
  Type    Reason     Age   From               Message
  ----    ------     ----  ----               -------
  Normal  Scheduled  32m   default-scheduler  Successfully assigned default/my-pod to minikube
  Normal  Pulling    32m   kubelet            Pulling image "nginx:latest"
  Normal  Pulled     31m   kubelet            Successfully pulled image "nginx:latest" in 42.098450879s (42.098458493s including waiting)
  Normal  Created    31m   kubelet            Created container my-container
  Normal  Started    31m   kubelet            Started container my-container
shrivatsa@Victus-HP:~$ kubectl annotate pod my-pod mycompany.com/someannotation="for bar"
error: --overwrite is false but found the following declared annotation(s): 'mycompany.com/someannotation' already has a value (foo bar)
shrivatsa@Victus-HP:~$ kubectl annotate pod my-pod mycompany.com/someannotation="for bar" --overwrite
pod/my-pod annotated
shrivatsa@Victus-HP:~$ kubectl describe pod my-pod
Name:             my-pod
Namespace:        default
Priority:         0
Service Account:  default
Node:             minikube/192.168.49.2
Start Time:       Wed, 27 Sep 2023 00:42:32 +0530
Labels:           environment=mca
Annotations:      mycompany.com/someannotation: for bar
Status:           Running
IP:               10.244.0.8
IPs:
  IP:  10.244.0.8
Containers:
  my-container:
    Container ID:   docker://ad2a55ad4747a77436ef73ea26a58df36ae3777a7a35daca66aa2554308d46b7
    Image:          nginx:latest
    Image ID:       docker-pullable://nginx@sha256:32da30332506740a2f7c34d5dc70467b7f14ec67d912703568daff790ab3f755
    Port:           <none>
    Host Port:      <none>
    State:          Running
      Started:      Wed, 27 Sep 2023 00:43:15 +0530
    Ready:          True
    Restart Count:  0
    Environment:    <none>
    Mounts:
      /var/run/secrets/kubernetes.io/serviceaccount from kube-api-access-qhkb6 (ro)
Conditions:
  Type              Status
  Initialized       True 
  Ready             True 
  ContainersReady   True 
  PodScheduled      True 
Volumes:
  kube-api-access-qhkb6:
    Type:                    Projected (a volume that contains injected data from multiple sources)
    TokenExpirationSeconds:  3607
    ConfigMapName:           kube-root-ca.crt
    ConfigMapOptional:       <nil>
    DownwardAPI:             true
QoS Class:                   BestEffort
Node-Selectors:              <none>
Tolerations:                 node.kubernetes.io/not-ready:NoExecute op=Exists for 300s
                             node.kubernetes.io/unreachable:NoExecute op=Exists for 300s
Events:
  Type    Reason     Age   From               Message
  ----    ------     ----  ----               -------
  Normal  Scheduled  32m   default-scheduler  Successfully assigned default/my-pod to minikube
  Normal  Pulling    32m   kubelet            Pulling image "nginx:latest"
  Normal  Pulled     32m   kubelet            Successfully pulled image "nginx:latest" in 42.098450879s (42.098458493s including waiting)
  Normal  Created    32m   kubelet            Created container my-container
  Normal  Started    32m   kubelet            Started container my-container
shrivatsa@Victus-HP:~$ kubectl get ns
NAME                   STATUS   AGE
default                Active   24h
kube-node-lease        Active   24h
kube-public            Active   24h
kube-system            Active   24h
kubernetes-dashboard   Active   83m
shrivatsa@Victus-HP:~$ kubectl get pods -n kube-system
NAME                               READY   STATUS    RESTARTS      AGE
coredns-5d78c9869d-zpdnv           1/1     Running   2 (24h ago)   24h
etcd-minikube                      1/1     Running   2 (24h ago)   24h
kube-apiserver-minikube            1/1     Running   2 (92m ago)   24h
kube-controller-manager-minikube   1/1     Running   2 (24h ago)   24h
kube-proxy-5kz5z                   1/1     Running   2 (24h ago)   24h
kube-scheduler-minikube            1/1     Running   2 (24h ago)   24h
storage-provisioner                1/1     Running   5 (91m ago)   24h
shrivatsa@Victus-HP:~$ kubectl get pods -n kube-node-lease
No resources found in kube-node-lease namespace.
shrivatsa@Victus-HP:~$ kubectl get pods -n kubernetes-dashboard
NAME                                         READY   STATUS    RESTARTS   AGE
dashboard-metrics-scraper-5dd9cbfd69-cxcmn   1/1     Running   0          88m
kubernetes-dashboard-5c5cfc8747-qkh62        1/1     Running   0          88m
shrivatsa@Victus-HP:~$ nano namespace.yaml 
shrivatsa@Victus-HP:~$ kubectl create namespace vatsa-namespace
namespace/vatsa-namespace created
shrivatsa@Victus-HP:~$ kubectl get ns
NAME                   STATUS   AGE
default                Active   24h
kube-node-lease        Active   24h
kube-public            Active   24h
kube-system            Active   24h
kubernetes-dashboard   Active   90m
vatsa-namespace        Active   5s
shrivatsa@Victus-HP:~$ nano name.yaml 
shrivatsa@Victus-HP:~$ rm namespace.yaml
shrivatsa@Victus-HP:~$ kubectl get ns
NAME                   STATUS   AGE
default                Active   24h
kube-node-lease        Active   24h
kube-public            Active   24h
kube-system            Active   24h
kubernetes-dashboard   Active   91m
vatsa-namespace        Active   60s
shrivatsa@Victus-HP:~$ kubectl create namespace vatsa1-namespace
namespace/vatsa1-namespace created
shrivatsa@Victus-HP:~$ kubectl get ns
NAME                   STATUS   AGE
default                Active   24h
kube-node-lease        Active   24h
kube-public            Active   24h
kube-system            Active   24h
kubernetes-dashboard   Active   92m
vatsa-namespace        Active   79s
vatsa1-namespace       Active   3s
shrivatsa@Victus-HP:~$ nano name.yaml 
shrivatsa@Victus-HP:~$ ls
Desktop    Downloads             Music      nginx.yaml  Pictures       Projects  snap       Trails
Documents  minikube-linux-amd64  name.yaml  nltk_data   Program-Files  Public    Templates  Videos
shrivatsa@Victus-HP:~$ kubectl delete ns vatsa1-namespace
namespace "vatsa1-namespace" deleted
shrivatsa@Victus-HP:~$ 


